(homeworkrag-py3.14) ditarector@ToTo homeworkRAG % poetry run python main.py

==================================================
Welcome to your RAG 'Chat with Documents' App!
Type 'exit' to quit at any time.
==================================================

You: what is the capital of france

🔍 [Retrieved Context]
  1: has changed to a company-assigned IP address. * If you continue to experience is...
  2: nce connected, you will see a confirmation message indicating that you are conne...
  3: evice**  1. Go to the Settings app on your mobile device. 2. Select "Mail" or "E...
  4: cheduled start time, click on the "Start" button to begin the conference call. A...

🤖 [Llama 3.2 is thinking...]

🤖 Answer:
I don't have enough information in the documents to answer that.

--------------------------------------------------
You: how can i verify my email 

🔍 [Retrieved Context]
  1: ethod to "Username and Password" or "Domain\Username". 4. If prompted, enter you...
  2: evice**  1. Go to the Settings app on your mobile device. 2. Select "Mail" or "E...
  3: ation, try restarting your device or checking the email account settings.  **Add...
  4:  or "Corporate" as the account type, depending on your email provider. * Enter y...

🤖 [Llama 3.2 is thinking...]

🤖 Answer:
According to the context, to verify your email account, you should:

1. Wait for the email account to synchronize with the company email server.
2. Send a test email to yourself or a colleague to verify that email is sending and receiving correctly.

--------------------------------------------------
You: is there any troubleshooting for that?

🔍 [Retrieved Context]
  1:  Provide this information to advanced support if the issue cannot be resolved th...
  2: roblem.  By following these steps, you should be able to troubleshoot and resolv...
  3: **Troubleshooting Issues with Company-Issued Tablets**  This article provides st...
  4: **Troubleshooting Issues with Microsoft Office**  This article provides steps to...

🤖 [Llama 3.2 is thinking...]

🤖 Answer:
Unfortunately, I don't have enough information in the documents to answer that. However, I can provide guidance on how to proceed.

According to the context, if Step 3 is not provided, you can escalate the issue to advanced support. To do this, you would follow the instructions provided earlier, but since Step 3 is not available, you would skip it and provide the issue details to advanced support.

If Step 3 is indeed provided, I would recommend referring to the context, but without the actual Step 3 provided, I cannot provide the specific instructions.

--------------------------------------------------
You: how to set up Email Account on Mobile Device

🔍 [Retrieved Context]
  1: **Setting Up a Mobile Device for Company Email**  **Prerequisites:**  * Mobile d...
  2: **Configuring Email on an Android Device**  This article provides step-by-step i...
  3: evice**  1. Go to the Settings app on your mobile device. 2. Select "Mail" or "E...
  4: ls to sync.        + Delete email from server: Choose whether to delete emails from th...

🤖 [Llama 3.2 is thinking...]

🤖 Answer:
According to the context, to set up an Email Account on a Mobile Device, follow these steps:

**Step 1: Set Up Email Account on Mobile Device**

1. Go to the Settings app on your mobile device.
2. Select "Mail" or "Email" (depending on your device's operating system).
3. Tap "Add Account" or "Create a new account".
4. Select "Exchange" or "Corporate" as the account type.
5. Enter your company email address and password.
6. If prompted, enter the company's email server address (e.g., mail.company.com).
7. Select the desired synchronization options (e.g., sync email, contacts, calendar).

**Step 2: Configure Email Settings**

1. In the email account settings, select the "Advanced" or "Security" option.
2. Ensure that the "Use SSL/TLS" or "Use secure connection" option is enabled.
3. Set the authentication method to "Username and Password" or "Domain\Username".
4. If prompted, enter your company's email domain (e.g., company.com).

**Step 3: Complete Setup**

* Tap "Next" to proceed.
* Choose whether to delete emails from the server after syncing.
* Tap "Next" to complete the setup.
* You will be prompted to give your account a name and set it as the default account.
* Tap "Done" to complete the setup.

By following these steps, you should be able to successfully set up an Email Account on your Mobile Device. (Source: Setting Up a Mobile Device for Company Email)

--------------------------------------------------
You: i want to configured my email

🔍 [Retrieved Context]
  1:  or "Corporate" as the account type, depending on your email provider. * Enter y...
  2: ress]      + Password: [your email password] * Tap "Next" to proceed.  **Step 4: Con...
  3: evice**  1. Go to the Settings app on your mobile device. 2. Select "Mail" or "E...
  4: **Configuring Email on an Android Device**  This article provides step-by-step i...

🤖 [Llama 3.2 is thinking...]

🤖 Answer:
To configure your email, follow these steps:

**Step 1: Go to the Email App**

* Locate the Email app on your device. 
* Tap on the Email app to open it.

**Step 2: Add a New Account**

* Tap on the "Add account" or "Add email account" button.
* Select "Email" or "Corporate" as the account type, depending on your email provider.
* Enter your email address and password in the required fields.
* Tap "Next" to proceed.

**Step 3: Configure Server Settings**

* The device will attempt to automatically configure the server settings. If it fails, you will need to enter the settings manually.
* Tap on "Manual setup" or "Advanced setup" to enter the server settings manually.
* Enter the following information:
        + Incoming server: [company email server or personal email server]
        + Port: [company email port or personal email port]
        + Security type: [company email security type or personal email security type]
        + Username: [your email address]
        + Password: [your email password]
* Tap "Next" to proceed.

**Step 4: Configure Outgoing Server Settings**

* Enter the following information:
        + Outgoing server: [company email server or personal email server]
        + Port: [company email port or personal email port]
        + Security type: [company email security type or personal email security type]
        + Username: [your email address]
        + Password: [your email password]
* Tap "Next" to proceed.

**Step 5: Account Options**

* You may be prompted to configure additional account options, such as:
        + Sync frequency: Choose how often you want your device to sync with the email server.
        + Sync size: Choose the maximum size of emails to sync.
        + Delete email from server: Choose whether to delete emails from the server after syncing.
* Tap "Next" to proceed.

Source: **Configuring Email on an Android Device**

--------------------------------------------------
You: is that it?

🔍 [Retrieved Context]
  1: has changed to a company-assigned IP address. * If you continue to experience is...
  2: ethod to "Username and Password" or "Domain\Username". 4. If prompted, enter you...
  3: ation, try restarting your device or checking the email account settings.  **Add...
  4:  in the required field. 2. Click the "Next" button to proceed.  **Step 4: Reset ...

🤖 [Llama 3.2 is thinking...]

🤖 Answer:
I don't have enough information in the documents to answer that.

--------------------------------------------------
You: what is the USA

🔍 [Retrieved Context]
  1: has changed to a company-assigned IP address. * If you continue to experience is...
  2: ings** > **System** > **Advanced** > **Reset Options**. * Select **Erase all dat...
  3: lean the print head with a lint-free cloth or cotton swab, following the manufac...
  4: **Creating a Backup of Important Files**  Backing up important files is a crucia...

🤖 [Llama 3.2 is thinking...]

🤖 Answer:
I don't have enough information in the documents to answer that.

--------------------------------------------------
